PASS: standard_user, secret_sauce
PASS: standard_user1, secret_sauce2
PASS: , secret_sauce
PASS: standard_user, 
Test Execution Completed.
